// Jest Snapshot v1, https://goo.gl/fbAQLP

exports[`app should render the component elements 1`] = `ShallowWrapper {}`;
